// Jest Snapshot v1, https://goo.gl/fbAQLP

exports[`Render VideoPlayer 1`] = `
<video
  controls={true}
  onClick={[Function]}
  poster="img/bohemian-rhapsody.jpg"
  width="100%"
>
  <source
    src="https://download.blender.org/durian/trailer/sintel_trailer-480p.mp4"
  />
</video>
`;
