// Jest Snapshot v1, https://goo.gl/fbAQLP

exports[`Render FilmCard 1`] = `
<article
  className="small-movie-card catalog__movies-card"
  onMouseOut={[Function]}
  onMouseOver={[Function]}
>
  <div
    className="small-movie-card__image"
  >
    <img
      alt="Bohemian rhapsody"
      height="175"
      src="img/bohemian-rhapsody.jpg"
      width="280"
    />
  </div>
  <h3
    className="small-movie-card__title"
  >
    <a
      className="small-movie-card__link"
      onClick={[Function]}
    >
      Bohemian rhapsody
    </a>
  </h3>
</article>
`;
